
  error - lib\widgets\enterprise_components.dart:84:27 - The named parameter 'opacity' isn't defined. Try correcting 
the name to an existing named parameter's name, or defining a named parameter with the name 'opacity'. - 
undefined_named_parameter
  error - lib\widgets\enterprise_components.dart:188:23 - The named parameter 'opacity' isn't defined. Try correcting 
the name to an existing named parameter's name, or defining a named parameter with the name 'opacity'. - 
undefined_named_parameter
  error - lib\widgets\enterprise_components.dart:396:31 - The named parameter 'opacity' isn't defined. Try correcting 
the name to an existing named parameter's name, or defining a named parameter with the name 'opacity'. - 
undefined_named_parameter
  error - lib\widgets\layout_components.dart:149:21 - The named parameter 'opacity' isn't defined. Try correcting the 
name to an existing named parameter's name, or defining a named parameter with the name 'opacity'. - 
undefined_named_parameter
   info - lib\services\ai_voice_assistant.dart:138:9 - 'cancelOnError' is deprecated and shouldn't be used. Use 
SpeechListenOptions.cancelOnError instead. Try replacing the use of the deprecated member with the replacement. - 
deprecated_member_use


